Archive member included to satisfy reference by file (symbol)

d:/systemworkbench/plugins/fr.ac6.mcu.externaltools.arm-none.win32_1.7.0.201602121829/tools/compiler/bin/../lib/gcc/arm-none-eabi/5.2.1/../../../../arm-none-eabi/lib/armv7e-m/fpu\libc.a(lib_a-errno.o)
                              src/syscalls.o (__errno)
d:/systemworkbench/plugins/fr.ac6.mcu.externaltools.arm-none.win32_1.7.0.201602121829/tools/compiler/bin/../lib/gcc/arm-none-eabi/5.2.1/../../../../arm-none-eabi/lib/armv7e-m/fpu\libc.a(lib_a-exit.o)
                              d:/systemworkbench/plugins/fr.ac6.mcu.externaltools.arm-none.win32_1.7.0.201602121829/tools/compiler/bin/../lib/gcc/arm-none-eabi/5.2.1/../../../../arm-none-eabi/lib/armv7e-m/fpu/crt0.o (exit)
d:/systemworkbench/plugins/fr.ac6.mcu.externaltools.arm-none.win32_1.7.0.201602121829/tools/compiler/bin/../lib/gcc/arm-none-eabi/5.2.1/../../../../arm-none-eabi/lib/armv7e-m/fpu\libc.a(lib_a-impure.o)
                              d:/systemworkbench/plugins/fr.ac6.mcu.externaltools.arm-none.win32_1.7.0.201602121829/tools/compiler/bin/../lib/gcc/arm-none-eabi/5.2.1/../../../../arm-none-eabi/lib/armv7e-m/fpu\libc.a(lib_a-exit.o) (_global_impure_ptr)
d:/systemworkbench/plugins/fr.ac6.mcu.externaltools.arm-none.win32_1.7.0.201602121829/tools/compiler/bin/../lib/gcc/arm-none-eabi/5.2.1/../../../../arm-none-eabi/lib/armv7e-m/fpu\libc.a(lib_a-init.o)
                              d:/systemworkbench/plugins/fr.ac6.mcu.externaltools.arm-none.win32_1.7.0.201602121829/tools/compiler/bin/../lib/gcc/arm-none-eabi/5.2.1/../../../../arm-none-eabi/lib/armv7e-m/fpu/crt0.o (__libc_init_array)
d:/systemworkbench/plugins/fr.ac6.mcu.externaltools.arm-none.win32_1.7.0.201602121829/tools/compiler/bin/../lib/gcc/arm-none-eabi/5.2.1/../../../../arm-none-eabi/lib/armv7e-m/fpu\libc.a(lib_a-memset.o)
                              d:/systemworkbench/plugins/fr.ac6.mcu.externaltools.arm-none.win32_1.7.0.201602121829/tools/compiler/bin/../lib/gcc/arm-none-eabi/5.2.1/../../../../arm-none-eabi/lib/armv7e-m/fpu/crt0.o (memset)
d:/systemworkbench/plugins/fr.ac6.mcu.externaltools.arm-none.win32_1.7.0.201602121829/tools/compiler/bin/../lib/gcc/arm-none-eabi/5.2.1/../../../../arm-none-eabi/lib/armv7e-m/fpu\libc.a(lib_a-__call_atexit.o)
                              d:/systemworkbench/plugins/fr.ac6.mcu.externaltools.arm-none.win32_1.7.0.201602121829/tools/compiler/bin/../lib/gcc/arm-none-eabi/5.2.1/../../../../arm-none-eabi/lib/armv7e-m/fpu\libc.a(lib_a-exit.o) (__call_exitprocs)
d:/systemworkbench/plugins/fr.ac6.mcu.externaltools.arm-none.win32_1.7.0.201602121829/tools/compiler/bin/../lib/gcc/arm-none-eabi/5.2.1/../../../../arm-none-eabi/lib/armv7e-m/fpu\libc.a(lib_a-atexit.o)
                              d:/systemworkbench/plugins/fr.ac6.mcu.externaltools.arm-none.win32_1.7.0.201602121829/tools/compiler/bin/../lib/gcc/arm-none-eabi/5.2.1/../../../../arm-none-eabi/lib/armv7e-m/fpu\libc.a(lib_a-__call_atexit.o) (atexit)
d:/systemworkbench/plugins/fr.ac6.mcu.externaltools.arm-none.win32_1.7.0.201602121829/tools/compiler/bin/../lib/gcc/arm-none-eabi/5.2.1/../../../../arm-none-eabi/lib/armv7e-m/fpu\libc.a(lib_a-fini.o)
                              d:/systemworkbench/plugins/fr.ac6.mcu.externaltools.arm-none.win32_1.7.0.201602121829/tools/compiler/bin/../lib/gcc/arm-none-eabi/5.2.1/../../../../arm-none-eabi/lib/armv7e-m/fpu\libc.a(lib_a-__call_atexit.o) (__libc_fini_array)
d:/systemworkbench/plugins/fr.ac6.mcu.externaltools.arm-none.win32_1.7.0.201602121829/tools/compiler/bin/../lib/gcc/arm-none-eabi/5.2.1/../../../../arm-none-eabi/lib/armv7e-m/fpu\libc.a(lib_a-__atexit.o)
                              d:/systemworkbench/plugins/fr.ac6.mcu.externaltools.arm-none.win32_1.7.0.201602121829/tools/compiler/bin/../lib/gcc/arm-none-eabi/5.2.1/../../../../arm-none-eabi/lib/armv7e-m/fpu\libc.a(lib_a-atexit.o) (__register_exitproc)

Discarded input sections

 .text          0x00000000        0x0 d:/systemworkbench/plugins/fr.ac6.mcu.externaltools.arm-none.win32_1.7.0.201602121829/tools/compiler/bin/../lib/gcc/arm-none-eabi/5.2.1/armv7e-m/fpu/crti.o
 .data          0x00000000        0x0 d:/systemworkbench/plugins/fr.ac6.mcu.externaltools.arm-none.win32_1.7.0.201602121829/tools/compiler/bin/../lib/gcc/arm-none-eabi/5.2.1/armv7e-m/fpu/crti.o
 .bss           0x00000000        0x0 d:/systemworkbench/plugins/fr.ac6.mcu.externaltools.arm-none.win32_1.7.0.201602121829/tools/compiler/bin/../lib/gcc/arm-none-eabi/5.2.1/armv7e-m/fpu/crti.o
 .data          0x00000000        0x4 d:/systemworkbench/plugins/fr.ac6.mcu.externaltools.arm-none.win32_1.7.0.201602121829/tools/compiler/bin/../lib/gcc/arm-none-eabi/5.2.1/armv7e-m/fpu/crtbegin.o
 .text          0x00000000       0x74 d:/systemworkbench/plugins/fr.ac6.mcu.externaltools.arm-none.win32_1.7.0.201602121829/tools/compiler/bin/../lib/gcc/arm-none-eabi/5.2.1/../../../../arm-none-eabi/lib/armv7e-m/fpu/crt0.o
[...]
Memory Configuration

Name             Origin             Length             Attributes
RAM              0x20000000         0x00020000         xrw
ROM              0x08000000         0x00080000         xr
*default*        0x00000000         0xffffffff

Linker script and memory map

LOAD d:/systemworkbench/plugins/fr.ac6.mcu.externaltools.arm-none.win32_1.7.0.201602121829/tools/compiler/bin/../lib/gcc/arm-none-eabi/5.2.1/armv7e-m/fpu/crti.o
LOAD d:/systemworkbench/plugins/fr.ac6.mcu.externaltools.arm-none.win32_1.7.0.201602121829/tools/compiler/bin/../lib/gcc/arm-none-eabi/5.2.1/armv7e-m/fpu/crtbegin.o
LOAD d:/systemworkbench/plugins/fr.ac6.mcu.externaltools.arm-none.win32_1.7.0.201602121829/tools/compiler/bin/../lib/gcc/arm-none-eabi/5.2.1/../../../../arm-none-eabi/lib/armv7e-m/fpu/crt0.o
LOAD d:/systemworkbench/plugins/fr.ac6.mcu.externaltools.arm-none.win32_1.7.0.201602121829/tools/compiler/bin/../lib/gcc/arm-none-eabi/5.2.1/../../../../arm-none-eabi/lib/armv7e-m/fpu\libm.a
LOAD StdPeriph_Driver/src/misc.o
LOAD StdPeriph_Driver/src/stm32f4xx_adc.o
LOAD StdPeriph_Driver/src/stm32f4xx_can.o
LOAD StdPeriph_Driver/src/stm32f4xx_cec.o
LOAD StdPeriph_Driver/src/stm32f4xx_crc.o
LOAD StdPeriph_Driver/src/stm32f4xx_cryp.o
LOAD StdPeriph_Driver/src/stm32f4xx_cryp_aes.o
LOAD StdPeriph_Driver/src/stm32f4xx_cryp_des.o
LOAD StdPeriph_Driver/src/stm32f4xx_cryp_tdes.o
LOAD StdPeriph_Driver/src/stm32f4xx_dac.o
LOAD StdPeriph_Driver/src/stm32f4xx_dbgmcu.o
LOAD StdPeriph_Driver/src/stm32f4xx_dcmi.o
LOAD StdPeriph_Driver/src/stm32f4xx_dfsdm.o
LOAD StdPeriph_Driver/src/stm32f4xx_dma.o
LOAD StdPeriph_Driver/src/stm32f4xx_dma2d.o
LOAD StdPeriph_Driver/src/stm32f4xx_dsi.o
LOAD StdPeriph_Driver/src/stm32f4xx_exti.o
LOAD StdPeriph_Driver/src/stm32f4xx_flash.o
LOAD StdPeriph_Driver/src/stm32f4xx_flash_ramfunc.o
LOAD StdPeriph_Driver/src/stm32f4xx_fmc.o
LOAD StdPeriph_Driver/src/stm32f4xx_fmip2c.o
LOAD StdPeriph_Driver/src/stm32f4xx_fsmc.o
LOAD StdPeriph_Driver/src/stm32f4xx_gpio.o
LOAD StdPeriph_Driver/src/stm32f4xx_hash.o
LOAD StdPeriph_Driver/src/stm32f4xx_hash_md5.o
LOAD StdPeriph_Driver/src/stm32f4xx_hash_sha1.o
LOAD StdPeriph_Driver/src/stm32f4xx_i2c.o
LOAD StdPeriph_Driver/src/stm32f4xx_iwdg.o
LOAD StdPeriph_Driver/src/stm32f4xx_lptim.o
LOAD StdPeriph_Driver/src/stm32f4xx_ltdc.o
LOAD StdPeriph_Driver/src/stm32f4xx_pwr.o
LOAD StdPeriph_Driver/src/stm32f4xx_qspi.o
LOAD StdPeriph_Driver/src/stm32f4xx_rcc.o
LOAD StdPeriph_Driver/src/stm32f4xx_rng.o
LOAD StdPeriph_Driver/src/stm32f4xx_rtc.o
LOAD StdPeriph_Driver/src/stm32f4xx_sai.o
LOAD StdPeriph_Driver/src/stm32f4xx_sdio.o
LOAD StdPeriph_Driver/src/stm32f4xx_spdifrx.o
LOAD StdPeriph_Driver/src/stm32f4xx_spi.o
LOAD StdPeriph_Driver/src/stm32f4xx_syscfg.o
LOAD StdPeriph_Driver/src/stm32f4xx_tim.o
LOAD StdPeriph_Driver/src/stm32f4xx_usart.o
LOAD StdPeriph_Driver/src/stm32f4xx_wwdg.o
LOAD src/delay.o
LOAD src/led.o
LOAD src/main.o
LOAD src/syscalls.o
LOAD src/system_stm32f4xx.o
LOAD src/timer.o
LOAD startup/startup_stm32.o
START GROUP
LOAD d:/systemworkbench/plugins/fr.ac6.mcu.externaltools.arm-none.win32_1.7.0.201602121829/tools/compiler/bin/../lib/gcc/arm-none-eabi/5.2.1/armv7e-m/fpu\libgcc.a
LOAD d:/systemworkbench/plugins/fr.ac6.mcu.externaltools.arm-none.win32_1.7.0.201602121829/tools/compiler/bin/../lib/gcc/arm-none-eabi/5.2.1/../../../../arm-none-eabi/lib/armv7e-m/fpu\libc.a
END GROUP
LOAD d:/systemworkbench/plugins/fr.ac6.mcu.externaltools.arm-none.win32_1.7.0.201602121829/tools/compiler/bin/../lib/gcc/arm-none-eabi/5.2.1/armv7e-m/fpu/crtend.o
LOAD d:/systemworkbench/plugins/fr.ac6.mcu.externaltools.arm-none.win32_1.7.0.201602121829/tools/compiler/bin/../lib/gcc/arm-none-eabi/5.2.1/armv7e-m/fpu/crtn.o
                0x20020000                _estack = 0x20020000
                0x00000000                _Min_Heap_Size = 0x0
                0x00000400                _Min_Stack_Size = 0x400

.isr_vector     0x08000000      0x188
                0x08000000                . = ALIGN (0x4)
 *(.isr_vector)
 .isr_vector    0x08000000      0x188 startup/startup_stm32.o
                0x08000000                g_pfnVectors
                0x08000188                . = ALIGN (0x4)

.text           0x08000188      0xa04
                0x08000188                . = ALIGN (0x4)
 *(.text)
 .text          0x08000188       0xa4 d:/systemworkbench/plugins/fr.ac6.mcu.externaltools.arm-none.win32_1.7.0.201602121829/tools/compiler/bin/../lib/gcc/arm-none-eabi/5.2.1/armv7e-m/fpu/crtbegin.o
 *(.text*)
 .text.GPIO_Init
                0x0800022c      0x11c StdPeriph_Driver/src/stm32f4xx_gpio.o
                0x0800022c                GPIO_Init
 .text.GPIO_ToggleBits
                0x08000348       0x24 StdPeriph_Driver/src/stm32f4xx_gpio.o
                0x08000348                GPIO_ToggleBits
 .text.GPIO_PinAFConfig
                0x0800036c       0x94 StdPeriph_Driver/src/stm32f4xx_gpio.o
                0x0800036c                GPIO_PinAFConfig
 .text.RCC_AHB1PeriphClockCmd
                0x08000400       0x40 StdPeriph_Driver/src/stm32f4xx_rcc.o
                0x08000400                RCC_AHB1PeriphClockCmd
 .text.RCC_APB1PeriphClockCmd
                0x08000440       0x40 StdPeriph_Driver/src/stm32f4xx_rcc.o
                0x08000440                RCC_APB1PeriphClockCmd
 .text.TIM_TimeBaseInit
                0x08000480       0xd8 StdPeriph_Driver/src/stm32f4xx_tim.o
                0x08000480                TIM_TimeBaseInit
 .text.TIM_Cmd  0x08000558       0x40 StdPeriph_Driver/src/stm32f4xx_tim.o
                0x08000558                TIM_Cmd
 .text.TIM_OC1Init
                0x08000598       0xf4 StdPeriph_Driver/src/stm32f4xx_tim.o
                0x08000598                TIM_OC1Init
 .text.TIM_OC1PreloadConfig
                0x0800068c       0x38 StdPeriph_Driver/src/stm32f4xx_tim.o
                0x0800068c                TIM_OC1PreloadConfig
 .text.TIM_GetITStatus
                0x080006c4       0x54 StdPeriph_Driver/src/stm32f4xx_tim.o
                0x080006c4                TIM_GetITStatus
 .text.TIM_ClearITPendingBit
                0x08000718       0x24 StdPeriph_Driver/src/stm32f4xx_tim.o
                0x08000718                TIM_ClearITPendingBit
 .text.main     0x0800073c        0xc src/main.o
                0x0800073c                main
 .text.SystemInit
                0x08000748       0x6c src/system_stm32f4xx.o
                0x08000748                SystemInit
 .text.SetSysClock
                0x080007b4      0x12c src/system_stm32f4xx.o
 .text.HJ_TimerInit
                0x080008e0       0x44 src/timer.o
                0x080008e0                HJ_TimerInit
 .text.HJ_TimerInitLEDforPWM
                0x08000924       0x30 src/timer.o
                0x08000924                HJ_TimerInitLEDforPWM
 .text.HJ_TimerPWMChannelInit
                0x08000954       0x54 src/timer.o
                0x08000954                HJ_TimerPWMChannelInit
 .text.TIM2_IRQHandler
                0x080009a8       0x30 src/timer.o
                0x080009a8                TIM2_IRQHandler
 .text.HJ_TimerPWMTest
                0x080009d8       0x14 src/timer.o
                0x080009d8                HJ_TimerPWMTest
 .text.Reset_Handler
                0x080009ec       0x48 startup/startup_stm32.o
                0x080009ec                Reset_Handler
 .text.Default_Handler
                0x08000a34        0x2 startup/startup_stm32.o
                0x08000a34                RTC_Alarm_IRQHandler
                0x08000a34                HASH_RNG_IRQHandler
                0x08000a34                EXTI2_IRQHandler
                0x08000a34                TIM8_CC_IRQHandler
                0x08000a34                DebugMon_Handler
                0x08000a34                TIM1_CC_IRQHandler
                0x08000a34                DMA2_Stream5_IRQHandler
                0x08000a34                HardFault_Handler
                0x08000a34                DMA1_Stream5_IRQHandler
                0x08000a34                SysTick_Handler
                0x08000a34                PVD_IRQHandler
                0x08000a34                SDIO_IRQHandler
                0x08000a34                TAMP_STAMP_IRQHandler
                0x08000a34                PendSV_Handler
                0x08000a34                NMI_Handler
                0x08000a34                CAN2_RX1_IRQHandler
                0x08000a34                EXTI3_IRQHandler
                0x08000a34                TIM8_TRG_COM_TIM14_IRQHandler
                0x08000a34                TIM1_UP_TIM10_IRQHandler
                0x08000a34                TIM8_UP_TIM13_IRQHandler
                0x08000a34                I2C3_ER_IRQHandler
                0x08000a34                EXTI0_IRQHandler
                0x08000a34                I2C2_EV_IRQHandler
                0x08000a34                DMA1_Stream2_IRQHandler
                0x08000a34                CAN1_RX0_IRQHandler
                0x08000a34                FPU_IRQHandler
                0x08000a34                OTG_HS_WKUP_IRQHandler
                0x08000a34                UsageFault_Handler
                0x08000a34                CAN2_SCE_IRQHandler
                0x08000a34                DMA2_Stream2_IRQHandler
                0x08000a34                SPI1_IRQHandler
                0x08000a34                TIM6_DAC_IRQHandler
                0x08000a34                TIM1_BRK_TIM9_IRQHandler
                0x08000a34                DCMI_IRQHandler
                0x08000a34                CAN2_RX0_IRQHandler
                0x08000a34                DMA2_Stream3_IRQHandler
                0x08000a34                USART6_IRQHandler
                0x08000a34                USART3_IRQHandler
                0x08000a34                CRYP_IRQHandler
                0x08000a34                CAN1_RX1_IRQHandler
                0x08000a34                UART5_IRQHandler
                0x08000a34                DMA2_Stream0_IRQHandler
                0x08000a34                TIM4_IRQHandler
                0x08000a34                I2C1_EV_IRQHandler
                0x08000a34                DMA1_Stream6_IRQHandler
                0x08000a34                DMA1_Stream1_IRQHandler
                0x08000a34                UART4_IRQHandler
                0x08000a34                TIM3_IRQHandler
                0x08000a34                RCC_IRQHandler
                0x08000a34                TIM8_BRK_TIM12_IRQHandler
                0x08000a34                Default_Handler
                0x08000a34                EXTI15_10_IRQHandler
                0x08000a34                ADC_IRQHandler
                0x08000a34                DMA1_Stream7_IRQHandler
                0x08000a34                TIM7_IRQHandler
                0x08000a34                CAN2_TX_IRQHandler
                0x08000a34                TIM5_IRQHandler
                0x08000a34                DMA2_Stream7_IRQHandler
                0x08000a34                I2C3_EV_IRQHandler
                0x08000a34                EXTI9_5_IRQHandler
                0x08000a34                RTC_WKUP_IRQHandler
                0x08000a34                ETH_WKUP_IRQHandler
                0x08000a34                SPI2_IRQHandler
                0x08000a34                OTG_HS_EP1_IN_IRQHandler
                0x08000a34                MemManage_Handler
                0x08000a34                DMA1_Stream0_IRQHandler
                0x08000a34                CAN1_TX_IRQHandler
                0x08000a34                SVC_Handler
                0x08000a34                EXTI4_IRQHandler
                0x08000a34                FSMC_IRQHandler
                0x08000a34                ETH_IRQHandler
                0x08000a34                OTG_HS_EP1_OUT_IRQHandler
                0x08000a34                WWDG_IRQHandler
                0x08000a34                OTG_FS_WKUP_IRQHandler
                0x08000a34                TIM1_TRG_COM_TIM11_IRQHandler
                0x08000a34                OTG_HS_IRQHandler
                0x08000a34                EXTI1_IRQHandler
                0x08000a34                USART2_IRQHandler
                0x08000a34                I2C2_ER_IRQHandler
                0x08000a34                DMA2_Stream1_IRQHandler
                0x08000a34                CAN1_SCE_IRQHandler
                0x08000a34                FLASH_IRQHandler
                0x08000a34                DMA2_Stream4_IRQHandler
                0x08000a34                BusFault_Handler
                0x08000a34                USART1_IRQHandler
                0x08000a34                OTG_FS_IRQHandler
                0x08000a34                SPI3_IRQHandler
                0x08000a34                DMA1_Stream4_IRQHandler
                0x08000a34                I2C1_ER_IRQHandler
                0x08000a34                DMA2_Stream6_IRQHandler
                0x08000a34                DMA1_Stream3_IRQHandler
 *fill*         0x08000a36        0x2 
 .text.__libc_init_array
                0x08000a38       0x50 d:/systemworkbench/plugins/fr.ac6.mcu.externaltools.arm-none.win32_1.7.0.201602121829/tools/compiler/bin/../lib/gcc/arm-none-eabi/5.2.1/../../../../arm-none-eabi/lib/armv7e-m/fpu\libc.a(lib_a-init.o)
                0x08000a38                __libc_init_array
 .text.startup.register_fini
                0x08000a88       0x14 d:/systemworkbench/plugins/fr.ac6.mcu.externaltools.arm-none.win32_1.7.0.201602121829/tools/compiler/bin/../lib/gcc/arm-none-eabi/5.2.1/../../../../arm-none-eabi/lib/armv7e-m/fpu\libc.a(lib_a-__call_atexit.o)
 .text.atexit   0x08000a9c        0xc d:/systemworkbench/plugins/fr.ac6.mcu.externaltools.arm-none.win32_1.7.0.201602121829/tools/compiler/bin/../lib/gcc/arm-none-eabi/5.2.1/../../../../arm-none-eabi/lib/armv7e-m/fpu\libc.a(lib_a-atexit.o)
                0x08000a9c                atexit
 .text.__libc_fini_array
                0x08000aa8       0x28 d:/systemworkbench/plugins/fr.ac6.mcu.externaltools.arm-none.win32_1.7.0.201602121829/tools/compiler/bin/../lib/gcc/arm-none-eabi/5.2.1/../../../../arm-none-eabi/lib/armv7e-m/fpu\libc.a(lib_a-fini.o)
                0x08000aa8                __libc_fini_array
 .text.__register_exitproc
                0x08000ad0       0xa4 d:/systemworkbench/plugins/fr.ac6.mcu.externaltools.arm-none.win32_1.7.0.201602121829/tools/compiler/bin/../lib/gcc/arm-none-eabi/5.2.1/../../../../arm-none-eabi/lib/armv7e-m/fpu\libc.a(lib_a-__atexit.o)
                0x08000ad0                __register_exitproc
 *(.glue_7)
 .glue_7        0x08000b74        0x0 linker stubs
 *(.glue_7t)
 .glue_7t       0x08000b74        0x0 linker stubs
 *(.eh_frame)
 .eh_frame      0x08000b74        0x0 d:/systemworkbench/plugins/fr.ac6.mcu.externaltools.arm-none.win32_1.7.0.201602121829/tools/compiler/bin/../lib/gcc/arm-none-eabi/5.2.1/armv7e-m/fpu/crtbegin.o
 *(.init)
 .init          0x08000b74        0x4 d:/systemworkbench/plugins/fr.ac6.mcu.externaltools.arm-none.win32_1.7.0.201602121829/tools/compiler/bin/../lib/gcc/arm-none-eabi/5.2.1/armv7e-m/fpu/crti.o
                0x08000b74                _init
 .init          0x08000b78        0x8 d:/systemworkbench/plugins/fr.ac6.mcu.externaltools.arm-none.win32_1.7.0.201602121829/tools/compiler/bin/../lib/gcc/arm-none-eabi/5.2.1/armv7e-m/fpu/crtn.o
 *(.fini)
 .fini          0x08000b80        0x4 d:/systemworkbench/plugins/fr.ac6.mcu.externaltools.arm-none.win32_1.7.0.201602121829/tools/compiler/bin/../lib/gcc/arm-none-eabi/5.2.1/armv7e-m/fpu/crti.o
                0x08000b80                _fini
 .fini          0x08000b84        0x8 d:/systemworkbench/plugins/fr.ac6.mcu.externaltools.arm-none.win32_1.7.0.201602121829/tools/compiler/bin/../lib/gcc/arm-none-eabi/5.2.1/armv7e-m/fpu/crtn.o
                0x08000b8c                . = ALIGN (0x4)
                0x08000b8c                _etext = .

.vfp11_veneer   0x08000b8c        0x0
 .vfp11_veneer  0x08000b8c        0x0 linker stubs

.v4_bx          0x08000b8c        0x0
 .v4_bx         0x08000b8c        0x0 linker stubs

.iplt           0x08000b8c        0x0
 .iplt          0x08000b8c        0x0 d:/systemworkbench/plugins/fr.ac6.mcu.externaltools.arm-none.win32_1.7.0.201602121829/tools/compiler/bin/../lib/gcc/arm-none-eabi/5.2.1/armv7e-m/fpu/crtbegin.o

.rodata         0x08000b8c        0x8
                0x08000b8c                . = ALIGN (0x4)
 *(.rodata)
 *(.rodata*)
 .rodata.str1.4
                0x08000b8c        0x4 d:/systemworkbench/plugins/fr.ac6.mcu.externaltools.arm-none.win32_1.7.0.201602121829/tools/compiler/bin/../lib/gcc/arm-none-eabi/5.2.1/../../../../arm-none-eabi/lib/armv7e-m/fpu\libc.a(lib_a-impure.o)
                                  0x2 (size before relaxing)
 .rodata._global_impure_ptr
                0x08000b90        0x4 d:/systemworkbench/plugins/fr.ac6.mcu.externaltools.arm-none.win32_1.7.0.201602121829/tools/compiler/bin/../lib/gcc/arm-none-eabi/5.2.1/../../../../arm-none-eabi/lib/armv7e-m/fpu\libc.a(lib_a-impure.o)
                0x08000b90                _global_impure_ptr
                0x08000b94                . = ALIGN (0x4)

.rel.dyn        0x08000b94        0x0
 .rel.iplt      0x08000b94        0x0 d:/systemworkbench/plugins/fr.ac6.mcu.externaltools.arm-none.win32_1.7.0.201602121829/tools/compiler/bin/../lib/gcc/arm-none-eabi/5.2.1/armv7e-m/fpu/crtbegin.o

.ARM.extab      0x08000b94        0x0
                0x08000b94                . = ALIGN (0x4)
 *(.ARM.extab* .gnu.linkonce.armextab.*)
                0x08000b94                . = ALIGN (0x4)

.ARM            0x08000b94        0x0
                0x08000b94                . = ALIGN (0x4)
                0x08000b94                __exidx_start = .
 *(.ARM.exidx*)
                0x08000b94                __exidx_end = .
                0x08000b94                . = ALIGN (0x4)

.preinit_array  0x08000b94        0x0
                0x08000b94                . = ALIGN (0x4)
                0x08000b94                PROVIDE (__preinit_array_start, .)
 *(.preinit_array*)
                0x08000b94                PROVIDE (__preinit_array_end, .)
                0x08000b94                . = ALIGN (0x4)

.init_array     0x08000b94        0x8
                0x08000b94                . = ALIGN (0x4)
                0x08000b94                PROVIDE (__init_array_start, .)
 *(SORT(.init_array.*))
 .init_array.00000
                0x08000b94        0x4 d:/systemworkbench/plugins/fr.ac6.mcu.externaltools.arm-none.win32_1.7.0.201602121829/tools/compiler/bin/../lib/gcc/arm-none-eabi/5.2.1/../../../../arm-none-eabi/lib/armv7e-m/fpu\libc.a(lib_a-__call_atexit.o)
 *(.init_array*)
 .init_array    0x08000b98        0x4 d:/systemworkbench/plugins/fr.ac6.mcu.externaltools.arm-none.win32_1.7.0.201602121829/tools/compiler/bin/../lib/gcc/arm-none-eabi/5.2.1/armv7e-m/fpu/crtbegin.o
                0x08000b9c                PROVIDE (__init_array_end, .)
                0x08000b9c                . = ALIGN (0x4)

.fini_array     0x08000b9c        0x4
                0x08000b9c                . = ALIGN (0x4)
                0x08000b9c                PROVIDE (__fini_array_start, .)
 *(SORT(.fini_array.*))
 *(.fini_array*)
 .fini_array    0x08000b9c        0x4 d:/systemworkbench/plugins/fr.ac6.mcu.externaltools.arm-none.win32_1.7.0.201602121829/tools/compiler/bin/../lib/gcc/arm-none-eabi/5.2.1/armv7e-m/fpu/crtbegin.o
                0x08000ba0                PROVIDE (__fini_array_end, .)
                0x08000ba0                . = ALIGN (0x4)
                0x08000ba0                _sidata = LOADADDR (.data)

.data           0x20000000      0x428 load address 0x08000ba0
                0x20000000                . = ALIGN (0x4)
                0x20000000                _sdata = .
 *(.data)
 *(.data*)
 .data.impure_data
                0x20000000      0x428 d:/systemworkbench/plugins/fr.ac6.mcu.externaltools.arm-none.win32_1.7.0.201602121829/tools/compiler/bin/../lib/gcc/arm-none-eabi/5.2.1/../../../../arm-none-eabi/lib/armv7e-m/fpu\libc.a(lib_a-impure.o)
                0x20000428                . = ALIGN (0x4)
                0x20000428                _edata = .

.jcr            0x20000428        0x0 load address 0x08000fc8
 .jcr           0x20000428        0x0 d:/systemworkbench/plugins/fr.ac6.mcu.externaltools.arm-none.win32_1.7.0.201602121829/tools/compiler/bin/../lib/gcc/arm-none-eabi/5.2.1/armv7e-m/fpu/crtbegin.o

.tm_clone_table
                0x20000428        0x0 load address 0x08000fc8
 .tm_clone_table
                0x20000428        0x0 d:/systemworkbench/plugins/fr.ac6.mcu.externaltools.arm-none.win32_1.7.0.201602121829/tools/compiler/bin/../lib/gcc/arm-none-eabi/5.2.1/armv7e-m/fpu/crtbegin.o
 .tm_clone_table
                0x20000428        0x0 d:/systemworkbench/plugins/fr.ac6.mcu.externaltools.arm-none.win32_1.7.0.201602121829/tools/compiler/bin/../lib/gcc/arm-none-eabi/5.2.1/armv7e-m/fpu/crtend.o

.igot.plt       0x20000428        0x0 load address 0x08000fc8
 .igot.plt      0x20000428        0x0 d:/systemworkbench/plugins/fr.ac6.mcu.externaltools.arm-none.win32_1.7.0.201602121829/tools/compiler/bin/../lib/gcc/arm-none-eabi/5.2.1/armv7e-m/fpu/crtbegin.o
                0x20000428                . = ALIGN (0x4)

.bss            0x20000428       0x1c load address 0x08000fc8
                0x20000428                _sbss = .
                0x20000428                __bss_start__ = _sbss
 *(.bss)
 .bss           0x20000428       0x1c d:/systemworkbench/plugins/fr.ac6.mcu.externaltools.arm-none.win32_1.7.0.201602121829/tools/compiler/bin/../lib/gcc/arm-none-eabi/5.2.1/armv7e-m/fpu/crtbegin.o
 *(.bss*)
 *(COMMON)
                0x20000444                . = ALIGN (0x4)
                0x20000444                _ebss = .
                0x20000444                __bss_end__ = _ebss

._user_heap_stack
                0x20000444      0x404 load address 0x08000fc8
                0x20000448                . = ALIGN (0x8)
 *fill*         0x20000444        0x4 
                0x20000448                PROVIDE (end, .)
                [!provide]                PROVIDE (_end, .)
                0x20000448                . = (. + _Min_Heap_Size)
                0x20000848                . = (. + _Min_Stack_Size)
 *fill*         0x20000448      0x400 
                0x20000848                . = ALIGN (0x8)

/DISCARD/
 libc.a(*)
 libm.a(*)
 libgcc.a(*)

.ARM.attributes
                0x00000000       0x30
 *(.ARM.attributes)
 .ARM.attributes
                0x00000000       0x22 d:/systemworkbench/plugins/fr.ac6.mcu.externaltools.arm-none.win32_1.7.0.201602121829/tools/compiler/bin/../lib/gcc/arm-none-eabi/5.2.1/armv7e-m/fpu/crti.o
 .ARM.attributes
                0x00000022       0x34 d:/systemworkbench/plugins/fr.ac6.mcu.externaltools.arm-none.win32_1.7.0.201602121829/tools/compiler/bin/../lib/gcc/arm-none-eabi/5.2.1/armv7e-m/fpu/crtbegin.o
 .ARM.attributes
                0x00000056       0x39 StdPeriph_Driver/src/stm32f4xx_gpio.o
 .ARM.attributes
                0x0000008f       0x39 StdPeriph_Driver/src/stm32f4xx_rcc.o
 .ARM.attributes
                0x000000c8       0x39 StdPeriph_Driver/src/stm32f4xx_tim.o
 .ARM.attributes
                0x00000101       0x39 src/main.o
 .ARM.attributes
                0x0000013a       0x39 src/system_stm32f4xx.o
 .ARM.attributes
                0x00000173       0x39 src/timer.o
 .ARM.attributes
                0x000001ac       0x25 startup/startup_stm32.o
 .ARM.attributes
                0x000001d1       0x34 d:/systemworkbench/plugins/fr.ac6.mcu.externaltools.arm-none.win32_1.7.0.201602121829/tools/compiler/bin/../lib/gcc/arm-none-eabi/5.2.1/../../../../arm-none-eabi/lib/armv7e-m/fpu\libc.a(lib_a-impure.o)
 .ARM.attributes
                0x00000205       0x34 d:/systemworkbench/plugins/fr.ac6.mcu.externaltools.arm-none.win32_1.7.0.201602121829/tools/compiler/bin/../lib/gcc/arm-none-eabi/5.2.1/../../../../arm-none-eabi/lib/armv7e-m/fpu\libc.a(lib_a-init.o)
 .ARM.attributes
                0x00000239       0x34 d:/systemworkbench/plugins/fr.ac6.mcu.externaltools.arm-none.win32_1.7.0.201602121829/tools/compiler/bin/../lib/gcc/arm-none-eabi/5.2.1/../../../../arm-none-eabi/lib/armv7e-m/fpu\libc.a(lib_a-__call_atexit.o)
 .ARM.attributes
                0x0000026d       0x34 d:/systemworkbench/plugins/fr.ac6.mcu.externaltools.arm-none.win32_1.7.0.201602121829/tools/compiler/bin/../lib/gcc/arm-none-eabi/5.2.1/../../../../arm-none-eabi/lib/armv7e-m/fpu\libc.a(lib_a-atexit.o)
 .ARM.attributes
                0x000002a1       0x34 d:/systemworkbench/plugins/fr.ac6.mcu.externaltools.arm-none.win32_1.7.0.201602121829/tools/compiler/bin/../lib/gcc/arm-none-eabi/5.2.1/../../../../arm-none-eabi/lib/armv7e-m/fpu\libc.a(lib_a-fini.o)
 .ARM.attributes
                0x000002d5       0x34 d:/systemworkbench/plugins/fr.ac6.mcu.externaltools.arm-none.win32_1.7.0.201602121829/tools/compiler/bin/../lib/gcc/arm-none-eabi/5.2.1/../../../../arm-none-eabi/lib/armv7e-m/fpu\libc.a(lib_a-__atexit.o)
 .ARM.attributes
                0x00000309       0x34 d:/systemworkbench/plugins/fr.ac6.mcu.externaltools.arm-none.win32_1.7.0.201602121829/tools/compiler/bin/../lib/gcc/arm-none-eabi/5.2.1/armv7e-m/fpu/crtend.o
 .ARM.attributes
                0x0000033d       0x22 d:/systemworkbench/plugins/fr.ac6.mcu.externaltools.arm-none.win32_1.7.0.201602121829/tools/compiler/bin/../lib/gcc/arm-none-eabi/5.2.1/armv7e-m/fpu/crtn.o
OUTPUT(stm32_tutorials_from_nanuyo.com.elf elf32-littlearm)

.debug_info     0x00000000     0x4262
 .debug_info    0x00000000      0x625 StdPeriph_Driver/src/stm32f4xx_gpio.o
 .debug_info    0x00000625      0xf7d StdPeriph_Driver/src/stm32f4xx_rcc.o
 .debug_info    0x000015a2     0x1c71 StdPeriph_Driver/src/stm32f4xx_tim.o
 .debug_info    0x00003213       0xb3 src/main.o
 .debug_info    0x000032c6      0x5f1 src/system_stm32f4xx.o
 .debug_info    0x000038b7      0x936 src/timer.o
 .debug_info    0x000041ed       0x75 startup/startup_stm32.o

.debug_abbrev   0x00000000      0x818
 .debug_abbrev  0x00000000      0x1ac StdPeriph_Driver/src/stm32f4xx_gpio.o
 .debug_abbrev  0x000001ac      0x1c1 StdPeriph_Driver/src/stm32f4xx_rcc.o
 .debug_abbrev  0x0000036d      0x18e StdPeriph_Driver/src/stm32f4xx_tim.o
 .debug_abbrev  0x000004fb       0x6c src/main.o
 .debug_abbrev  0x00000567      0x13d src/system_stm32f4xx.o
 .debug_abbrev  0x000006a4      0x162 src/timer.o
 .debug_abbrev  0x00000806       0x12 startup/startup_stm32.o

.debug_aranges  0x00000000      0x648
 .debug_aranges
                0x00000000       0x88 StdPeriph_Driver/src/stm32f4xx_gpio.o
 .debug_aranges
                0x00000088      0x1e8 StdPeriph_Driver/src/stm32f4xx_rcc.o
 .debug_aranges
                0x00000270      0x2f8 StdPeriph_Driver/src/stm32f4xx_tim.o
 .debug_aranges
                0x00000568       0x20 src/main.o
 .debug_aranges
                0x00000588       0x30 src/system_stm32f4xx.o
 .debug_aranges
                0x000005b8       0x68 src/timer.o
 .debug_aranges
                0x00000620       0x28 startup/startup_stm32.o

.debug_ranges   0x00000000      0x5e0
 .debug_ranges  0x00000000       0x78 StdPeriph_Driver/src/stm32f4xx_gpio.o
 .debug_ranges  0x00000078      0x1d8 StdPeriph_Driver/src/stm32f4xx_rcc.o
 .debug_ranges  0x00000250      0x2e8 StdPeriph_Driver/src/stm32f4xx_tim.o
 .debug_ranges  0x00000538       0x10 src/main.o
 .debug_ranges  0x00000548       0x20 src/system_stm32f4xx.o
 .debug_ranges  0x00000568       0x58 src/timer.o
 .debug_ranges  0x000005c0       0x20 startup/startup_stm32.o

.debug_macro    0x00000000     0x1720
 .debug_macro   0x00000000      0x1ed StdPeriph_Driver/src/stm32f4xx_gpio.o
 .debug_macro   0x000001ed      0x33b StdPeriph_Driver/src/stm32f4xx_gpio.o
 .debug_macro   0x00000528      0x2bc StdPeriph_Driver/src/stm32f4xx_rcc.o
 .debug_macro   0x000007e4      0x217 StdPeriph_Driver/src/stm32f4xx_tim.o
 .debug_macro   0x000009fb      0x735 StdPeriph_Driver/src/stm32f4xx_tim.o
 .debug_macro   0x00001130      0x1f3 src/main.o
 .debug_macro   0x00001323      0x20a src/system_stm32f4xx.o
 .debug_macro   0x0000152d      0x1f3 src/timer.o

.debug_line     0x00000000     0x379a
 .debug_line    0x00000000      0x7db StdPeriph_Driver/src/stm32f4xx_gpio.o
 .debug_line    0x000007db      0xb56 StdPeriph_Driver/src/stm32f4xx_rcc.o
 .debug_line    0x00001331      0xf2d StdPeriph_Driver/src/stm32f4xx_tim.o
 .debug_line    0x0000225e      0x68d src/main.o
 .debug_line    0x000028eb      0x6e8 src/system_stm32f4xx.o
 .debug_line    0x00002fd3      0x74e src/timer.o
 .debug_line    0x00003721       0x79 startup/startup_stm32.o

.debug_str      0x00000000    0x6e31f
 .debug_str     0x00000000    0x6c069 StdPeriph_Driver/src/stm32f4xx_gpio.o
                              0x6c345 (size before relaxing)
 .debug_str     0x0006c069      0xe86 StdPeriph_Driver/src/stm32f4xx_rcc.o
                              0x6cf21 (size before relaxing)
 .debug_str     0x0006ceef      0xc2f StdPeriph_Driver/src/stm32f4xx_tim.o
                              0x6cd3c (size before relaxing)
 .debug_str     0x0006db1e       0x25 src/main.o
                              0x6c013 (size before relaxing)
 .debug_str     0x0006db43      0x132 src/system_stm32f4xx.o
                              0x6c2b4 (size before relaxing)
 .debug_str     0x0006dc75      0x6aa src/timer.o
                              0x6ca8d (size before relaxing)

.comment        0x00000000       0x6e
 .comment       0x00000000       0x6e StdPeriph_Driver/src/stm32f4xx_gpio.o
                                 0x6f (size before relaxing)
 .comment       0x0000006e       0x6f StdPeriph_Driver/src/stm32f4xx_rcc.o
 .comment       0x0000006e       0x6f StdPeriph_Driver/src/stm32f4xx_tim.o
 .comment       0x0000006e       0x6f src/main.o
 .comment       0x0000006e       0x6f src/system_stm32f4xx.o
 .comment       0x0000006e       0x6f src/timer.o

.debug_frame    0x00000000     0x1c8c
 .debug_frame   0x00000000      0x23c StdPeriph_Driver/src/stm32f4xx_gpio.o
 .debug_frame   0x0000023c      0x904 StdPeriph_Driver/src/stm32f4xx_rcc.o
 .debug_frame   0x00000b40      0xe54 StdPeriph_Driver/src/stm32f4xx_tim.o
 .debug_frame   0x00001994       0x2c src/main.o
 .debug_frame   0x000019c0       0x7c src/system_stm32f4xx.o
 .debug_frame   0x00001a3c      0x14c src/timer.o
 .debug_frame   0x00001b88       0x2c d:/systemworkbench/plugins/fr.ac6.mcu.externaltools.arm-none.win32_1.7.0.201602121829/tools/compiler/bin/../lib/gcc/arm-none-eabi/5.2.1/../../../../arm-none-eabi/lib/armv7e-m/fpu\libc.a(lib_a-init.o)
 .debug_frame   0x00001bb4       0x50 d:/systemworkbench/plugins/fr.ac6.mcu.externaltools.arm-none.win32_1.7.0.201602121829/tools/compiler/bin/../lib/gcc/arm-none-eabi/5.2.1/../../../../arm-none-eabi/lib/armv7e-m/fpu\libc.a(lib_a-__call_atexit.o)
 .debug_frame   0x00001c04       0x20 d:/systemworkbench/plugins/fr.ac6.mcu.externaltools.arm-none.win32_1.7.0.201602121829/tools/compiler/bin/../lib/gcc/arm-none-eabi/5.2.1/../../../../arm-none-eabi/lib/armv7e-m/fpu\libc.a(lib_a-atexit.o)
 .debug_frame   0x00001c24       0x34 d:/systemworkbench/plugins/fr.ac6.mcu.externaltools.arm-none.win32_1.7.0.201602121829/tools/compiler/bin/../lib/gcc/arm-none-eabi/5.2.1/../../../../arm-none-eabi/lib/armv7e-m/fpu\libc.a(lib_a-fini.o)
 .debug_frame   0x00001c58       0x34 d:/systemworkbench/plugins/fr.ac6.mcu.externaltools.arm-none.win32_1.7.0.201602121829/tools/compiler/bin/../lib/gcc/arm-none-eabi/5.2.1/../../../../arm-none-eabi/lib/armv7e-m/fpu\libc.a(lib_a-__atexit.o)
